[07/25/26 12:59:04] info     ================= cer started =================
[07/25/26 12:59:04] info     C:\Program Files\Autodesk\AutoCAD 2027\cer.dll, 7.2.4+20251128.8f05bb68.927
[07/25/26 12:59:04] info     Setting key SP/SDK_VERSION, value 7.2.4+20251128.8f05bb68.927 (maxCount 1)
[07/25/26 12:59:04] info     Setting key SP/PRODUCT_NAME_HASH, value f4bac121a1625586cb5b9106c8e839a7990f2b6c (maxCount 1)
[07/25/26 12:59:04] info     Setting key SP/RUNTIME_ARCH, value 1 (maxCount 1)
[07/25/26 12:59:04] info     Set senddmp exe path to C:\Program Files\Autodesk\AutoCAD 2027\CER\senddmp.exe
[07/25/26 12:59:04] info     The cer_service exe C:\Program Files\Autodesk\AutoCAD 2027\CER\service\cer_service.exe is not in folder C:\Program Files\Autodesk\AutoCAD 2027\CER\, it's not a sandbox
[07/25/26 12:59:04] info     Set upi exe path to C:\Program Files\Autodesk\AutoCAD 2027\CER\upi.exe
[07/25/26 12:59:04] info     launching C:\Program Files\Autodesk\AutoCAD 2027\CER\upi.exe --cmd=get-device-id C:\Users\darko\AppData\Local\Temp\15FCE767F24F74D1\Temp\upi_deviceid2
[07/25/26 12:59:04] info     Set deviceID2 to A0BC19C4C705FEDA149511D0F3764661F345E7B715812BF23F6027C6AD343F68&A6B59B6A0D7F2D7FB366F3E6565AE56F884FB750EC08B72C1DDE3890DB5B88C2&6094BB6600C82B72CE4776AD78735EBF552C5B053FDD61D5096806F81274A4F0
[07/25/26 12:59:04] info     Setting key SP/DEVICEID2, value A0BC19C4C705FEDA149511D0F3764661F345E7B715812BF23F6027C6AD343F68&A6B59B6A0D7F2D7FB366F3E6565AE56F884FB750EC08B72C1DDE3890DB5B88C2&6094BB6600C82B72CE4776AD78735EBF552C5B053FDD61D5096806F81274A4F0 (maxCount 1)
[07/25/26 12:59:04] info     Setting key SP/UUID, value f4bac121a1625586cb5b9106c8e839a7990f2b6cA0BC19C4C705FEDA149511D0F3764661F345E7B715812BF23F6027C6AD343F68&A6B59B6A0D7F2D7FB366F3E6565AE56F884FB750EC08B72C1DDE3890DB5B88C2&6094BB6600C82B72CE4776AD78735EBF552C5B053FDD61D5096806F81274A4F0 (maxCount 1)
[07/25/26 12:59:04] info     Set senddmp exe path to C:\Program Files\Autodesk\AutoCAD 2027\CER\senddmp.exe
[07/25/26 12:59:04] info     The cer_service exe C:\Program Files\Autodesk\AutoCAD 2027\CER\service\cer_service.exe is not in folder C:\Program Files\Autodesk\AutoCAD 2027\CER\, it's not a sandbox
[07/25/26 12:59:04] info     launching C:\Program Files\Autodesk\AutoCAD 2027\CER\upi.exe "C:\Program Files\Autodesk\AutoCAD 2027\en-US\UPI\upiconfig.xml" C:\Users\darko\AppData\Local\Temp\15FCE767F24F74D1\Temp\upi_info.xml
[07/25/26 12:59:04] info     Setting key SP/UPI_PRODUCT, value ACD (maxCount 1)
[07/25/26 12:59:04] info     Setting key SP/UPI_RELEASE, value 2027 (maxCount 1)
[07/25/26 12:59:04] info     Setting key SP/UPI_MASTER, value {28B89EEF-A101-0409-2102-CF3F3A09B77D} (maxCount 1)
[07/25/26 12:59:04] info     Setting key SP/UPI_BUILD, value 26.0.60.0.0 (maxCount 1)
[07/25/26 12:59:04] info     Setting key SP/UPI_FULL_XML, value <?xml version="1.0"?><upipackage><upivalue version="1.0" type="product" requestingapp="true"><level name="productline" id="ACD"><level name="release" id="2027"><level name="master" id="{28B89EEF-A101-0409-2102-CF3F3A09B77D}"><level name="build" id="26.0.60.0.0"/></level></level></level></upivalue>
<upivalue version="1.0" type="product"><level name="productline" id="ACD"><level name="release" id="2027"><level name="master" id="{28B89EEF-A101-0409-1102-CF3F3A09B77D}"><level name="build" id="26.0.60.0.0"/></level></level></level></upivalue>
<upivalue version="1.0" type="product"><level name="productline" id="ACD"><level name="release" id="2027"><level name="master" id="{28B89EEF-A101-0000-0102-CF3F3A09B77D}"><level name="build" id="26.0.60.0.0"/></level></level></level></upivalue>
<upivalue version="1.0" type="product"><level name="productline" id="ARCHDESK"><level name="release" id="2027"><level name="master" id="{28B89EEE-A104-0000-5102-CF3F3A09B77D}"><level name="build" id="8.9.46.0"/></level></level></level></upivalue>
</upipackage> (maxCount 1)
[07/25/26 12:59:04] info     set legacy options: /APPICON "C:\Program Files\Autodesk\AutoCAD 2027\AcBrandRes.dll" /APPICONID 1
[07/25/26 12:59:04] info     Setting key RP/AppIcon, value C:\Program Files\Autodesk\AutoCAD 2027\AcBrandRes.dll (maxCount 1)
[07/25/26 12:59:04] info     Setting key RP/AppIconId, value 1 (maxCount 1)
[07/25/26 12:59:04] info     Setting key RP/CadSettingsRegPath, value Software\Autodesk\AutoCAD\R26.0\ACAD-A101:409\CadManagerControl\CustomerErrorReport (maxCount 1)
[07/25/26 12:59:04] info     Setting key RP/AppLocaleId, value 1033 (maxCount 1)
[07/25/26 12:59:04] info     Setting key RP/AppXML, value <ProductInformation name ="AutoCAD" build_version="X.60.0.0(x64)" registry_version="26.0" install_id_string="15FCE767F24F74D1" registry_localeID="1033" git_commit_id="90c984aa66a571142ee0757584bac517eec2175a" /> (maxCount 100)
[07/25/26 12:59:04] info     Setting key SP/THEME_TYPE, value Blue (maxCount 1)
[07/25/26 12:59:04] info     Setting key SP/EXCEPTION_INFO_POINTER, value 140737398080792 (maxCount 1)
[07/25/26 12:59:04] info     Setting key SP/THREAD_ID, value 4294967295 (maxCount 1)
[07/25/26 12:59:04] info     Get key SP/THREAD_ID, index 0: "4294967295"
[07/25/26 12:59:04] info     Setting key SP/WER, value 0 (maxCount 1)
[07/25/26 12:59:04] info     Get key SP/WER, index 0: "0"
[07/25/26 12:59:04] info     Registered C:\Program Files\Autodesk\AutoCAD 2027\cer.dll as WER runtime exception module
[07/25/26 12:59:04] info     Current ErrorMode is 32769
[07/25/26 12:59:04] debug    Receiver ping: pong
